
> react-example@0.0.0 build
> npm run -s build:wgsl && vite build

[wgsl] Compiled variants: hq, lq, tileable, debug
[36mvite v6.4.1 [32mbuilding for production...[36m[39m
transforming...
[32m✓[39m 3888 modules transformed.
rendering chunks...
computing gzip size...
[2mdist/[22m[32mindex.html                                                  [39m[1m[2m    0.91 kB[22m[1m[22m[2m │ gzip:     0.51 kB[22m
[2mdist/[22m[32massets/previewCompile.worker-DSAIwAUR.js                    [39m[1m[2m   91.69 kB[22m[1m[22m
[2mdist/[22m[35massets/index-Cs0YDS4b.css                                   [39m[1m[2m   24.35 kB[22m[1m[22m[2m │ gzip:     5.54 kB[22m
[2mdist/[22m[36massets/tgaTextureLoader-DE9dfvqg.js                         [39m[1m[2m    0.40 kB[22m[1m[22m[2m │ gzip:     0.31 kB[22m
[2mdist/[22m[36massets/oitFinalSimpleBlend.fragment-CKo3J1OZ.js             [39m[1m[2m    0.46 kB[22m[1m[22m[2m │ gzip:     0.31 kB[22m
[2mdist/[22m[36massets/volumetricLightingRenderVolume.vertex-dG5gcHws.js    [39m[1m[2m    0.52 kB[22m[1m[22m[2m │ gzip:     0.33 kB[22m
[2mdist/[22m[36massets/oitFinalSimpleBlend.fragment-CrQGu40t.js             [39m[1m[2m    0.53 kB[22m[1m[22m[2m │ gzip:     0.34 kB[22m
[2mdist/[22m[36massets/hdrTextureLoader-CGaNswj_.js                         [39m[1m[2m    0.62 kB[22m[1m[22m[2m │ gzip:     0.44 kB[22m
[2mdist/[22m[36massets/volumetricLightingRenderVolume.vertex-JQqKkJeo.js    [39m[1m[2m    0.63 kB[22m[1m[22m[2m │ gzip:     0.38 kB[22m
[2mdist/[22m[36massets/envTextureLoader-QzwTgB_c.js                         [39m[1m[2m    0.65 kB[22m[1m[22m[2m │ gzip:     0.42 kB[22m
[2mdist/[22m[36massets/volumetricLightingBlendVolume.fragment-BG9z2U-x.js   [39m[1m[2m    0.90 kB[22m[1m[22m[2m │ gzip:     0.51 kB[22m
[2mdist/[22m[36massets/mesh.vertexData.functions-ayNlGC5K.js                [39m[1m[2m    0.96 kB[22m[1m[22m[2m │ gzip:     0.49 kB[22m
[2mdist/[22m[36massets/selection.fragment-CH5Eq-mi.js                       [39m[1m[2m    0.98 kB[22m[1m[22m[2m │ gzip:     0.51 kB[22m
[2mdist/[22m[36massets/volumetricLightingBlendVolume.fragment-jXz01FaA.js   [39m[1m[2m    1.10 kB[22m[1m[22m[2m │ gzip:     0.57 kB[22m
[2mdist/[22m[36massets/selection.fragment-BJ7CI-DR.js                       [39m[1m[2m    1.20 kB[22m[1m[22m[2m │ gzip:     0.57 kB[22m
[2mdist/[22m[36massets/basisTextureLoader-2XWsN7lJ.js                       [39m[1m[2m    1.27 kB[22m[1m[22m[2m │ gzip:     0.62 kB[22m
[2mdist/[22m[36massets/ddsTextureLoader-C72r4QN2.js                         [39m[1m[2m    1.31 kB[22m[1m[22m[2m │ gzip:     0.65 kB[22m
[2mdist/[22m[36massets/ktxTextureLoader-D9PZqjqp.js                         [39m[1m[2m    1.46 kB[22m[1m[22m[2m │ gzip:     0.77 kB[22m
[2mdist/[22m[36massets/volumetricLightingRenderVolume.fragment-UHRcOxBR.js  [39m[1m[2m    1.60 kB[22m[1m[22m[2m │ gzip:     0.79 kB[22m
[2mdist/[22m[36massets/Preview3DAxisCompass-_uepnSfj.js                     [39m[1m[2m    1.61 kB[22m[1m[22m[2m │ gzip:     0.93 kB[22m
[2mdist/[22m[36massets/screenSpaceCurvature.fragment-CF2GPJ7-.js            [39m[1m[2m    1.68 kB[22m[1m[22m[2m │ gzip:     0.71 kB[22m
[2mdist/[22m[36massets/volumetricLightingRenderVolume.fragment-SNV0pstO.js  [39m[1m[2m    1.83 kB[22m[1m[22m[2m │ gzip:     0.86 kB[22m
[2mdist/[22m[36massets/selection.vertex-CJDyizAD.js                         [39m[1m[2m    1.98 kB[22m[1m[22m[2m │ gzip:     0.76 kB[22m
[2mdist/[22m[36massets/selection.vertex-DAM5XdoF.js                         [39m[1m[2m    2.32 kB[22m[1m[22m[2m │ gzip:     0.83 kB[22m
[2mdist/[22m[36massets/iesTextureLoader-DbXHxZOh.js                         [39m[1m[2m    2.78 kB[22m[1m[22m[2m │ gzip:     1.22 kB[22m
[2mdist/[22m[36massets/elkLayout-D5iLMlV0.js                                [39m[1m[2m    3.38 kB[22m[1m[22m[2m │ gzip:     1.59 kB[22m
[2mdist/[22m[36massets/selectionOutline.fragment-jtBbJelM.js                [39m[1m[2m    4.90 kB[22m[1m[22m[2m │ gzip:     1.05 kB[22m
[2mdist/[22m[36massets/selectionOutline.fragment-BCIznML7.js                [39m[1m[2m    6.18 kB[22m[1m[22m[2m │ gzip:     1.17 kB[22m
[2mdist/[22m[36massets/Viewport-DiDa-i4l.js                                 [39m[1m[2m   25.82 kB[22m[1m[22m[2m │ gzip:     8.39 kB[22m
[2mdist/[22m[36massets/Viewport3D-BzNRz5IX.js                               [39m[1m[2m   66.64 kB[22m[1m[22m[2m │ gzip:    18.75 kB[22m
[2mdist/[22m[36massets/index-TGlB33Yh.js                                    [39m[1m[33m  966.81 kB[39m[22m[2m │ gzip:   263.30 kB[22m
[2mdist/[22m[36massets/elk.bundled-BqKpzNkf.js                              [39m[1m[33m1,439.88 kB[39m[22m[2m │ gzip:   438.69 kB[22m
[2mdist/[22m[36massets/Viewport3DBabylon-BLqBGwot.js                        [39m[1m[33m6,028.10 kB[39m[22m[2m │ gzip: 1,321.55 kB[22m
node.exe : [33m
At C:\Program Files\nodejs\npm.ps1:29 char:3
+   & $NODE_EXE $NPM_CLI_JS $args
+   ~~~~~~~~~~~~~~~~~~~~~~~~~~~~~
    + CategoryInfo          : NotSpecified: ([33m:String) [], RemoteException
    + FullyQualifiedErrorId : NativeCommandError
 
(!) Some chunks are larger than 500 kB after minification. Consider:
- Using dynamic import() to code-split the application
- Use build.rollupOptions.output.manualChunks to improve chunking: https://rollupjs.org/configuration-options/#output-m
anualchunks
- Adjust chunk size limit for this warning via build.chunkSizeWarningLimit.[39m
[32m✓ built in 25.25s[39m
